PROGRAM
INT
ID[X]
COMMA
ID[Y]
COMMA
ID[XY]
SEMICOLON
BEGIN
INPUT
ID[X]
SEMICOLON
ID[Y]
ASSIGN
CONST[0]
SEMICOLON
INPUT
ID[XY]
COMMA
ID[Y]
SEMICOLON
OUTPUT
ID[XY]
SEMICOLON
ID[Y]
ASSIGN
ID[Y]
ADD
ID[XY]
SEMICOLON
ID[X]
ASSIGN
ID[X]
SUB
CONST[1]
SEMICOLON
WHILE
CONST[0]
LESS
ID[X]
BEGIN
INPUT
ID[XY]
SEMICOLON
OUTPUT
ID[XY]
SEMICOLON
ID[Y]
ASSIGN
ID[Y]
ADD
ID[XY]
SEMICOLON
ID[X]
ASSIGN
ID[X]
SUB
CONST[1]
SEMICOLON
ENDWHILE
SEMICOLON
OUTPUT
ID[Y]
SEMICOLON
END
