PROGRAM
INT
ID[X]
COMMA
ID[Y]
COMMA
ID[Z]
SEMICOLON
INPUT
ID[X]
COMMA
ID[Y]
COMMA
ID[Z]
SEMICOLON
WHILE
NEGATION
LPAREN
ID[X]
ASSIGN
CONST[0]
RPAREN
BEGIN
OUTPUT
ID[Y]
SEMICOLON
WHILE
ID[Y]
LESS
CONST[10]
BEGIN
ID[Y]
ASSIGN
ID[Y]
ADD
CONST[1]
SEMICOLON
ENDWHILE
SEMICOLON
OUTPUT
ID[Y]
SEMICOLON
ID[Y]
ASSIGN
ID[Z]
ID[X]
ASSIGN
ID[X]
SUB
CONST[1]
SEMICOLON
ENDWHILE
SEMICOLON
END
